Data race on array element #(\d)*: (.*)> at bubblesort.OneBubble.SwapConsecutives\(OneBubble.java:63\)(.*)> at bubblesort.OneBubble.run\(OneBubble.java:51\)(.*)

Data race on array element #(\d)*: (.*)> at bubblesort.OneBubble.SwapConsecutives\(OneBubble.java:64\)(.*)> at bubblesort.OneBubble.run\(OneBubble.java:51\)(.*)

Data race on array element #(\d)*: (.*)> at bubblesort.BubbleSortImpl.PrintArray\(BubbleSortImpl.java:99\)(.*)> at bubblesort.OneBubble.SwapConsecutives\(OneBubble.java:63\)(.*)

Data race on array element #(\d)*: (.*)> at bubblesort.BubbleSortImpl.PrintArray\(BubbleSortImpl.java:99\)(.*)> at bubblesort.OneBubble.SwapConsecutives\(OneBubble.java:64\)(.*)

Data race on array element #(\d)*: (.*)> at bubblesort.OneBubble.SwapConsecutives\(OneBubble.java:64\)(.*)> at bubblesort.Reporter.IndicateBug\(Reporter.java:126\)(.*)

Data race on array element #(\d)*: (.*)> at bubblesort.OneBubble.SwapConsecutives\(OneBubble.java:63\)(.*)> at bubblesort.Reporter.IndicateBug\(Reporter.java:126\)(.*)
