Data race on field bufwriter.SyncWriter.flag: (.*)> at bufwriter.SyncWriter.run\(SyncWriter.java:27\)(.*)> at bufwriter.SyncWriter.stopWriter\(SyncWriter.java:18\)(.*)

Data race on field bufwriter.Checker.flag: (.*)> at bufwriter.Checker.run\(Checker.java:26\)(.*)> at bufwriter.Checker.stopChecker\(Checker.java:17\)(.*)
