Data race on field demo.Example.x:(.*)> at demo.Example\$MyThread.run\(Example.java:68\)(.*)> at demo.Example.main\(Example.java:51\)(.*)
