Data race on field instrumentation.InstrumentationTests.x(.*)
