Data race on field jtsan.ExecutorTests.sharedVar:(.*)> at jtsan.ExecutorTests.lambda\$fixedThreadPoolRaceyTasks\$.\(ExecutorTests.java:23\)(.*)> at jtsan.ExecutorTests.lambda\$fixedThreadPoolRaceyTasks\$.\(ExecutorTests.java:23\)(.*)

Data race on field jtsan.ExecutorTests.sharedVar:(.*)> at jtsan.ExecutorTests.lambda\$cachedThreadPoolRaceyTasks\$.\(ExecutorTests.java:33\)(.*)> at jtsan.ExecutorTests.lambda\$cachedThreadPoolRaceyTasks\$.\(ExecutorTests.java:33\)(.*)

Data race on field jtsan.ExecutorTests.sharedVar:(.*)> at jtsan.ExecutorTests.lambda\$shutdownWrong\$.\(ExecutorTests.java:44\)(.*)> at jtsan.ExecutorTests.lambda\$shutdownWrong\$.\(ExecutorTests.java:44\)(.*)
