Data race on field jtsan.ThreadRunner.sharedVar:(.*)> at jtsan.EasyTests\$1.thread1\(EasyTests.java:44\)(.*)> at jtsan.EasyTests\$1.thread2\(EasyTests.java:49\)(.*)

Data race on field jtsan.EasyTests\$2.sharedShort:(.*)> at jtsan.EasyTests\$2.thread1\(EasyTests.java:62\)(.*)> at jtsan.EasyTests\$2.thread2\(EasyTests.java:67\)(.*)

Data race on field jtsan.EasyTests\$3.sharedChar:(.*)> at jtsan.EasyTests\$3.thread1\(EasyTests.java:80\)(.*)> at jtsan.EasyTests\$3.thread2\(EasyTests.java:85\)(.*)

Data race on field jtsan.EasyTests\$4.sharedLong:(.*)> at jtsan.EasyTests\$4.thread1\(EasyTests.java:98\)(.*)> at jtsan.EasyTests\$4.thread2\(EasyTests.java:103\)(.*)

Data race on field jtsan.EasyTests\$5.sharedFloat:(.*)> at jtsan.EasyTests\$5.thread1\(EasyTests.java:116\)(.*)> at jtsan.EasyTests\$5.thread2\(EasyTests.java:121\)(.*)

Data race on field jtsan.EasyTests\$6.sharedDouble:(.*)> at jtsan.EasyTests\$6.thread1\(EasyTests.java:134\)(.*)> at jtsan.EasyTests\$6.thread2\(EasyTests.java:139\)(.*)

Data race on field jtsan.ThreadRunner.sharedObject:(.*)> at jtsan.EasyTests\$7.thread1\(EasyTests.java:150\)(.*)> at jtsan.EasyTests\$7.thread2\(EasyTests.java:155\)(.*)

Data race on field jtsan.ThreadRunner.sharedVar:(.*)> at jtsan.EasyTests\$8.thread1\(EasyTests.java:166\)(.*)> at jtsan.EasyTests\$8.thread2\(EasyTests.java:172\)(.*)

Data race on field jtsan.ThreadRunner.sharedVar:(.*)> at jtsan.EasyTests\$9.thread1\(EasyTests.java:184\)(.*)> at jtsan.EasyTests\$9.thread2\(EasyTests.java:189\)(.*)

Data race on field jtsan.ThreadRunner.sharedVar:(.*)> at jtsan.EasyTests\$10.thread1\(EasyTests.java:202\)(.*)> at jtsan.EasyTests\$10.thread2\(EasyTests.java:209\)(.*)

Data race on field jtsan.EasyTests\$11\$RecursiveObject.value:(.*)> at jtsan.EasyTests\$11.thread1\(EasyTests.java:237\)(.*)> at jtsan.EasyTests\$11.thread2\(EasyTests.java:242\)(.*)

Data race on array element #(\d)*:(.*)> at jtsan.EasyTests\$12.thread1\(EasyTests.java:260\)(.*)> at jtsan.EasyTests\$12.thread2\(EasyTests.java:265\)(.*)

Data race on array element #(\d)*:(.*)> at jtsan.EasyTests\$13.thread1\(EasyTests.java:283\)(.*)> at jtsan.EasyTests\$13.thread2\(EasyTests.java:288\)(.*)

Data race on array element #(\d)*:(.*)> at jtsan.EasyTests\$14.thread1\(EasyTests.java:306\)(.*)> at jtsan.EasyTests\$14.thread2\(EasyTests.java:311\)(.*)

Data race on array element #(\d)*:(.*)> at jtsan.EasyTests\$15.thread1\(EasyTests.java:333\)(.*)> at jtsan.EasyTests\$15.thread2\(EasyTests.java:343\)(.*)

Data race on array element #(\d)*:(.*)> at jtsan.EasyTests\$16.thread1\(EasyTests.java:361\)(.*)> at jtsan.EasyTests\$16.thread2\(EasyTests.java:366\)(.*)

Data race on field jtsan.ThreadRunner.sharedVar:(.*)> at jtsan.EasyTests\$17\$1.run\(EasyTests.java:382\)(.*)> at jtsan.EasyTests\$17.thread1\(EasyTests.java:387\)(.*)
