Data race on global 'x' of size 4 at 0x0000014ab3e0 \(a\.out \+ 0x0000014ab3e0\):(.*)> at MyThread example2\.c:12(.*) > at main example2\.c:25(.*)

Data race on global 'x' of size 4 at 0x0000014ab3e0 \(a\.out \+ 0x0000014ab3e0\):(.*)> at MyThread example2\.c:12(.*) > at MyThread example2\.c:14(.*)

Data race on global 'x' of size 4 at 0x0000014ab3e0 \(a\.out \+ 0x0000014ab3e0\):(.*)> at MyThread example2\.c:14(.*) > at main example2\.c:25(.*)

Data race on global 'x' of size 4 at 0x0000014ab3e0 \(a\.out \+ 0x0000014ab3e0\):(.*)> at MyThread example2\.c:12(.*) > at main example2\.c:25(.*)

Data race on global 'x' of size 4 at 0x0000014ab3e0 \(a\.out \+ 0x0000014ab3e0\):(.*)> at MyThread example2\.c:14(.*) > at main example2\.c:23(.*)
