Data race on global 'helper' of size 8 at 0x000001527ee8 \(a\.out \+ 0x000001527ee8\):(.*)> at fn:getHelper\(\);file:racy-c-programs/examples/DoubleCheckedLocking\.cpp;line:23(.*)> at fn:getHelper\(\);file:racy-c-programs/examples/DoubleCheckedLocking\.cpp;line:26(.*)

Data race on global 'helper' of size 8 at 0x000001527ee8 \(a\.out \+ 0x000001527ee8\):(.*)> at fn:getHelper\(\);file:racy-c-programs/examples/DoubleCheckedLocking\.cpp;line:26(.*)> at fn:getHelper\(\);file:racy-c-programs/examples/DoubleCheckedLocking\.cpp;line:30(.*)
