Data race on global 'Account::Bank_Total' of size 4 at 0x000001537b68 \(a\.out\): \{\{\{(.*)---->  at Account::Service\(int, int\) account\.cc:47(.*)---->  at Account::Service\(int, int\) account\.cc:47(.*)}}}

