Data race on global 'condition' of size 1 at 0x000001527fa8 \(a\.out \+ 0x000001527fa8\):(.*)> at fn:thread1\(\);file:racy-c-programs/examples/BrokenSpinningLoop\.cpp;line:14(.*)> at fn:thread2\(\);file:racy-c-programs/examples/BrokenSpinningLoop\.cpp;line:18(.*)
