Data race on global 'v' of size 24 at 0x000001529ee8 \(a\.out \+ 0x000001529ee8\):(.*) at fn:thread1\(\);file:racy-c-programs/examples/RaceOnArrayList\.cpp;line:11(.*) at fn:thread2\(\);file:racy-c-programs/examples/RaceOnArrayList\.cpp;line:15(.*)
